[  0.000000] Linux version 4.15.0-55-generic (buildd@lcy01-amd64-029) (gcc version 7.4.0 (Ubuntu 7.4.0-1ubuntu1~18.04.1)) #60-Ubuntu SMP Tue Jul 2 18:22:20 UTC 2019 (Ubuntu 4.15.0-55.60-generic 4.15.18)
[    0.000000] Command line: BOOT_IMAGE=/boot/vmlinuz-4.15.0-55-generic root=LABEL=cloudimg-rootfs ro console=tty1 console=ttyS0
[     0.000000] KERNEL supported cpus:
[    0.000000]   Intel GenuineIntel
[    0.000000]   AMD AuthenticAMD
[    0.000000]   Centaur CentaurHauls
[    0.000000] x86/fpu: Supporting XSAVE feature 0x001: 'x87 floating point registers'
[    0.000000] x86/fpu: Supporting XSAVE feature 0x002: 'SSE registers'
[    0.000000] x86/fpu: Supporting XSAVE feature 0x004: 'AVX registers'
[    0.000000] x86/fpu: xstate_offset[2]:  576, xstate_sizes[2]:  256
[    0.000000] x86/fpu: Enabled xstate features 0x7, context size is 832 bytes, using 'standard' format.
[    0.000000] e820: BIOS-provided physical RAM map:
[    0.000000] BIOS-e820: [mem 0x0000000000000000-0x000000000009fbff] usable
[    0.000000] BIOS-e820: [mem 0x000000000009fc00-0x000000000009ffff] reserved
[    0.000000] BIOS-e820: [mem 0x00000000000f0000-0x00000000000fffff] reserved
[    0.000000] BIOS-e820: [mem 0x0000000000100000-0x000000003ffeffff] usable
[    0.000000] BIOS-e820: [mem 0x000000003fff0000-0x000000003fffffff] ACPI data
[    0.000000] BIOS-e820: [mem 0x00000000fec00000-0x00000000fec00fff] reserved
[    0.000000] BIOS-e820: [mem 0x00000000fee00000-0x00000000fee00fff] reserved
[    0.000000] BIOS-e820: [mem0x00000000fffc0000-0x00000000ffffffff] reserved
[    0.000000] NX (Execute Disable) protection: active
[    0.000000] SMBIOS 2.5 present.
[    0.000000] DMI: innotek GmbH VirtualBox/VirtualBox, BIOS VirtualBox 12/01/2006
[    0.000000] Hypervisor detected: KVM
[    0.000000] e820: last_pfn = 0x3fff0 max_arch_pfn = 0x400000000
[    0.00000] MTRR: Disabled
[    0.000000] x86/PAT: MTRRs disabled, skipping PAT initialization too.
[    0.000000] CPU MTRRs all blank - virtualized system.
[    0.000000] x86/PAT: Configuration [0-7]: WB  WT  UC- UC  WB  WT  UC- UC  
[    0.000000] found SMP MP-table at [mem 0x0009fff0-0x0009ffff] mapped at [        (ptrval)]
[    0.000000] Scanng 1 re for lowemory corruption
[    0.000000] RAMDISK: [mem 0x3597f000-0x36cb6fff]
[    0.000000] ACPI: Early table checksum verification disabled
[    0.000000] ACPI: RSDP 0x00000000000E0000 000024 (v02 VBOX  )
[    0.000000] ACPI: XSDT 0x000000003FFF0030 00003C (v01 VBOX   VBOXXSDT 00000001 ASL  00000061)
[    0.000000] ACPI: FACP 0x000000003FFF00F0 0000F4 (v04 VBOX   VBOXFACP 00000001 ASL  00000061)
[    0.000000] ACPI: DSDT 0x000000003FFF0470 0021FF (v02 VBX   VBOXBIOS 00000002 INTL 20100528)
[    0.000000] ACPI: FACS 0x000000003FFF0200 000040
[    0.0000] ACPI: FACS 0x000000003FFF0200 000040
[    0.000000] ACPI: APIC 0x000000003FFF0240 00005C (v02 VBOX   VBOXAPIC 00000001 ASL  00000061)
[    0.000000] ACPI: SSDT 0x000000003FFF02A0 0001CC (v VBOX   VBOXCPUT 00000002 INTL 20100528)
[    0.000000] No NUMA configuration found
[    0.000000] Faking a node at [mem 0x0000000000000000-0x000000003ffeffff]
[    0.000000] NODE_DATA(0) allocated [mem 0x3ffc5000-0x3ffeffff]
[    0.000000] kvm-clock: cpu 0, msr 0:3ff44001, primary cpu clock
[    0.000000] kvm-clock: Using msrs 4b564d01 and 4b564d00
[    0.000000] kvm-clock: using sched offset of 5792568948 cycles
[    0.000000] clocksource: kvm-clock: mask: 0xffffffffffffffff max_cycles: 0x1cd42e4dffb, max_idle_ns: 881590591483 ns
[    0.000000] Zone ranges:
[    0.000000]   DMA      [mem 0x0000000000001000-0x0000000000ffffff]
[    0.000000]   DMA32    [mem 0x0000000001000000-0x000000003ffeffff]
[    0.000000]   Normal   empty
[    0.000000]   Device   empty
[    0.000000] Movable zone start for each node
[    0.000000] Early memory node ranges
[    0.000000]   node   0: [mem 0x0000000000001000-0x000000000009efff]
[    0.000000]   node   0: [mem 0x0000000000100000-0x000000003ffeffff]
[    0.000000] Reserved but unavailable: 114 pages
[    0.000000] Initmem setup node 0 [mem 0x0000000000001000-0x000000003ffeffff]
[   0.0000] ACPI: PM-Timer IO Port: 0x4008
[    0.000000] IOAPIC[0]: apic_id 2, version 32, address 0xfec00000, GS 0-23
[    0.000000] ACPI: INT_SRC_OVR (bus 0 bus_irq 0 global_irq 2 dfl dfl)
[   0.000000] ACPI: INT_SRC_OVR (bus 0 bus_irq 9 global_irq 9 low level
[   0.000000] Using ACPI (MADT) for SMP configuration information
[    0.000000] smpboot: Allowing 2 CPUs, 0 hotplug CPUs
[    0.000000] PM: Registered nosave memory: [mem 0x00000000-0x00000fff]
[    0.000000] PM: Registered nosave memory: [mem 0x0009f000-0x0009ffff]
[    0.000000] PM: Registered nosave memory: [mem 0x000a0000-0x000effff]
[    0.000000] PM: Registered nosave memory: [mem 0x000f0000-0x000fffff]
[    0.000000] e820: [mem 0x40000000-0xfebfffff] available for PCI devices
[    0.000000] Booting paravirtualized kernel on KVM
[    0.000000] clocksource: refined-jiffies: mask: 0xffffffff max_cycles: 0xffffffff, max_idle_ns: 7641900211568 ns
[    0.000000] random: get_random_bytes called from art_kernel+0x99/0x4fd with crng_init=0
[    0.000000] setup_percpu: NR_CPUS:8192 nr_cpumask_bits:2 nr_cpu_ids:2 nr_node_ids:1
[    0.000000] percpu: Embedded 46 pages/cpu @        (ptrval) s151552 r8192 d28672 u1048576
[    0.000000] PV qspinlock hash table entries: 256 (order: 0, 4096 bytes)
[    0.000000] Built 1 zonelists, mobility grouping on.  Total pages: 257913
[    0.000000] Policy zone: DMA32
[    0.000000] Kernel command line: BOOT_IMAGE=/boot/vmlinuz-4.15.0-55-generic root=LABEL=cloudimg-rootfs ro console=tty1 console=ttyS0
[    0.000000] Memory: 982904K/1048120K available (12300K kernel code, 2473K rwdata, 4276K rodata, 2408K init, 2416K bss, 65216K reserved, 0K cma-reserved)
[    0.000000] SUBHWalign=4,Order=0-3, MinObjects=0, CPUs=2, Nodes=1
[    0.000000] Kernel/User page tables isolation: enabled
[    0.000000] ftrace: allocating 39219 entries in 154 pages
[    0.004000] Hierarchical RCU implemetation.
[    0.04000] 	RCU restricting CPUs from NR_CPUS=8192 to nr_cpu_ids=2.
[    0.004000] 	Tasks RCU enabled.
[    0.004000] RCU: Adjusting geometry for rcu_fanout_leaf=16, nr_cpu_ids=2
[    0.004000] NR_IRQS: 524544, nr_irqs: 440, preallocated irqs: 16
[    0.004000] Console: colour VGA+ 80x25
[    0.004000] console [tty1] enabled
[    0.004000] console [tS0] enle
[    0.004000] ACPI: Core revision 20170831
[    0.004000] ACPI: 2 ACPI AML tables successfully acquired and loaded
[    0.004000] APIC: Switch to symmetric I/O mode setup
[    0.004000] x2apic enabled
[    0.004000] Switched APIC routing t physical x2apic.
[    0.004882] ..TIMER: vector=0x30 apic1=0 pin1=2 apic2=-1 pin2=-1
[    0.008003] tsc: Detected 2303.998 MHz processor
[    0.012011] Calibrating delay loop (skipped) preset value.. 4607.99 BogoMIPS (lpj=9215992)
[    0.016003] pid_max: default: 32768 minimum: 301
[    0.020036] Security Framework initialized
[    0.024004] Yama: becoming mindful.
[    0.028028] AppArmor: AppArmor initialized
[    0.036054] Dentry cache hash table entries: 131072 (order: 8, 1048576 bytes)
[    0.040084] Inode-cache hash table entries: 65536 (order: 7, 524288 bytes)
[    0.044033] Mount-cache hash table entries: 2048 (order: 2, 16384 bytes)
[    0.048018] Mountpoint-cache hash table entries: 2048 (order: 2, 16384 bytes)
[    0.052210] mce: CPU supports 0 MCE banks
[    0.053270] Last level iTLB entries: 4KB 64, 2MB 8, 4MB 8
[    0.055082] Last level dTLB entries: 4KB 64, 2MB 0, 4MB 0, 1GB 4
[    0.056008] Spectre V2 : Mitigation: Full generic retpoline
[    0.060007] Spectre V2 : Spectre v2 / SpectreRSB mitigation: Filling RSB on context switch
[    0.064007] Speculative Store Bypass: Vulnerable
[    0.068048] MDS: Vulnerable: Clear CPU buffers attempted, no microcode
[    0.072081] Freeing SMP alternatives memory: 36K
[    0.080000] smpboot: CPU0: Intel(R) Core(TM) i5-7360U CPU @ 2.30GHz (family: 0x6, model: 0x8e, stepping: 0x9)
[    0.080088] Performance Events: unsupported p6 CPU model 142 no PMU driver, software events only.
[    0.084039] Hierarchical SRCU implementation.
[    0.088521] NMI watchdog: Perf event create on CPU 0 failed with -2
[    0.092002] NMI watchdog: Perf NMI watchdog permanently disabled
[    0.096053] smp: Bringing up secondary CPUs ...
[    0.100074] x86: Booting SMP configuration:
[    0.104003] .... node  #0, CPUs:      #1
[    0.004000] kvm-clock: cpu 1, msr 0:3ff44041, secondary cpu clock
[    0.004000] mce: CPU supports 0 MCE banks
[    0.112018] smp: Brought up 1 node, 2 CPUs
[    0.116006] smpboot: Max logical packages: 1
[    0.120003] smpboot: Total of 2 processors activated (9215.99 BogoMIPS)
[    0.124140] devtmpfs: initialized
[    0.128060] x86/mm: Memory block size: 128MB
[    0.132128] evm: security.selinux
[    0.132972] evm: security.SMACK64
[    0.133871] evm: security.SMACK64EXEC
[    0.136012] evm: security.SMACK64TRANSMUTE
[    0.137335] evm: security.SMACK64MMAP
[    0.138253] evm: security.apparmor
[    0.140007] evm: security.ima
[    0.141181] evm: security.capability
[    0.144104] clocksource: jiffies: mask: 0xffffffff max_cycles: 0xffffffff, max_idle_ns: 7645041785100000 ns
[    0.147031] futex hash table entries: 512 (order: 3, 32768 bytes)
[    0.148085] pinctrl core: initialized pinctrl subsystem
[    0.152113] RTC time: 11:22:51, date: 08/11/19
[    0.153728] NET: Registered protocol family 16
[    0.156095] audit: initializing netlink subsys (disabled)
[    0.160048] audit: type=2000 audit(1565522577.261:1): state=initialized audit_enabled=0 res=1
[    0.164028] cpuidle: using governor ladder
[    0.168012] cpuidle: using governor menu
[    0.169880] ACPI: bus type PCI registered
[    0.171680] acpiphp: ACPI Hot Plug PCI Controller Driver version: 0.5
[    0.172300] PCI: Using configuration type 1 for base access
[    0.180141] HugeTLB registered 2.00 MiB page size, pre-allocated 0 pages
[    0.184325] ACPI: Added _OSI(Module Device)
[    0.188014] ACPI: Added _OSI(Processor Device)
[    0.192004] ACPI: Added _OSI(3.0 _SCP Extensions)
[    0.194275] ACPI: Added _OSI(Processor Aggregator Device)
[    0.196005] ACPI: Added _OSI(Linux-Dell-Video)
[    0.200004] ACPI: Added _OSI(Linux-Lenovo-NV-HDMI-Audio)
[    0.202727] ACPI: Added _OSI(Linux-HPI-Hybrid-Graphics)
[    0.208160] ACPI: Executed 1 blocks of module-level executable AML code
[    0.217339] ACPI: Interpreter enabled
[    0.219345] ACPI: (supports S0 S5)
[    0.220004] ACPI: Using IOAPIC for interrupt routing
[    0.224229] PCI: Using host bridge windows from ACPI; if necessary, use "pci=nocrs" and report a bug
[    0.228266] ACPI: Enabled 2 GPEs in block 00 to 07
[    0.239737] ACPI: PCI Root Bridge [PCI0] (domain 0000 [bus 00-ff])
[    0.240008] acpi PNP0A03:00: _OSC: OS supports [ASPM ClockPM Segments MSI]
[    0.244027] acpi PNP0A03:00: _OSC: not requesting OS control; OS requires [ExtendedConfig ASPM ClockPM MSI]
[    0.248013] acpi PNP0A03:00: fail to add MMCONFIG information, can't access extended PCI configuration space under this bridge.
[    0.252480] PCI host bridge to bus 0000:00
[    0.256004] pci_bus 0000:00: root bus resource [io  0x0000-0x0cf7 window]
[    0.260004] pci_bus 0000:00: root bus resource [io  0x0d00-0xffff window]
[    0.264004] pci_bus 0000:00: root bus resource [mem 0x000a0000-0x000bffff window]
[    0.268004] pci_bus 0000:00: root bus resource [mem 0x40000000-0xfdffffff window]
[    0.272004] pci_bus 0000:00: root bus resource [bus 00-ff]
[    0.282828] pci 0000:00:01.1: legacy IDE quirk: reg 0x10: [io  0x01f0-0x01f7]
[    0.284007] pci 0000:00:01.1: legacy IDE quirk: reg 0x14: [io  0x03f6]
[    0.288010] pci 0000:00:01.1: legacy IDE quirk: reg 0x18: [io  0x0170-0x0177]
[    0.290572] pci 0000:00:01.1: legacy IDE quirk: reg 0x1c: [io  0x0376]
[    0.311091] pci 0000:00:07.0: quirk: [io  0x4000-0x403f] claimed by PIIX4 ACPI
[    0.312030] pci 0000:00:07.0: quirk: [io  0x4100-0x410f] claimed by PIIX4 SMB
[    0.328635] ACPI: PCI Interrupt Link [LNKA] (IRQs 5 9 10 *11)
[    0.332304] ACPI: PCI Interrupt Link [LNKB] (IRQs 5 9 *10 11)
[    0.336148] ACPI: PCI Interrupt Link [LNKC] (IRQs 5 *9 10 11)
[    0.340148] ACPI: PCI Interrupt Link [LNKD] (IRQs 5 9 10 *11)
[    0.344364] SCSI subsystem initialized
[    0.352105] pci 0000:00:02.0: vgaarb: setting as boot VGA device
[    0.356000] pci 0000:00:02.0: vgaarb: VGA device added: decodes=io+mem,owns=io+mem,locks=none
[    0.620010] pci 0000:00:02.0: vgaarb: bridge control possible
[    0.704004] vgaarb: loaded
[    0.728059] ACPI: bus type USB registered
[    0.788036] usbcore: registered new interface driver usbfs
[    0.840017] usbcore: registered new interface driver hub
[    0.856042] usbcore: registered new device driver usb
[    0.857301] EDAC MC: Ver: 3.0.0
[    0.860295] PCI: Using ACPI for IRQ routing
[    0.861456] NetLabel: Initializing
[    0.862318] NetLabel:  domain hash size = 128
[    0.863409] NetLabel:  protocols = UNLABELED CIPSOv4 CALIPSO
[    0.864020] NetLabel:  unlabeled traffic allowed by default
[    0.865443] clocksource: Switched to clocksource kvm-clock
[    0.882507] VFS: Disk quotas dquot_6.6.0
[    0.884413] VFS: Dquot-cache hash table entries: 512 (order 0, 4096 bytes)
[    0.887497] AppArmor: AppArmor Filesystem Enabled
[    0.889735] pnp: PnP ACPI init
[    0.894352] pnp: PnP ACPI: found 3 devices
[    0.904167] clocksource: acpi_pm: mask: 0xffffff max_cycles: 0xffffff, max_idle_ns: 2085701024 ns
[    0.908912] NET: Registered protocol family 2
[    0.913548] TCP established hash table entries: 8192 (order: 4, 65536 bytes)
[    0.916709] TCP bind hash table entries: 8192 (order: 5, 131072 bytes)
[    0.919986] TCP: Hash tables configured (established 8192 bind 8192)
[    0.924373] UDP hash table entries: 512 (order: 2, 16384 bytes)
[    0.926853] UDP-Lite hash table entries: 512 (order: 2, 16384 bytes)
[    0.929646] NET: Registered protocol family 1
[    0.932859] pci 0000:00:00.0: Limiting direct PCI/PCI transfers
[    0.971610] pci 0000:00:01.0: Activating ISA DMA hang workarounds
[    1.161915] pci 0000:00:02.0: Video device with shadowed ROM at [mem 0x000c0000-0x000dffff]
[    1.303082] Unpacking initramfs...
[    1.644395] Freeing initrd memory: 19680K
[    1.692472] clocksource: tsc: mask: 0xffffffffffffffff max_cycles: 0x2135f5e6f15, max_idle_ns: 440795231538 ns
[    1.811467] platform rtc_cmos: registered platform RTC device (no PNP device found)
[    1.956268] Scanning for low memory corruption every 60 seconds
[    1.958440] Initialise system trusted keyrings
[    1.959691] Key type blacklist registered
[    1.967032] workingset: timestamp_bits=36 max_order=18 bucket_order=0
[    1.969400] zbud: loaded
[    1.970663] squashfs: version 4.0 (2009/01/31) Phillip Lougher
[    1.972327] fuse init (API version 7.26)
[    1.978372] Key type asymmetric registered
[    1.982056] Asymmetric key parser 'x509' registered
[    1.983699] Block layer SCSI generic (bsg) driver version 0.4 loaded (major 246)
[    1.988356] io scheduler noop registered
[    1.990089] io scheduler deadline registered
[    1.994724] io scheduler cfq registered (default)
[    2.003528] ACPI: AC Adapter [AC] (on-line)
[    2.007158] input: Power Button as /devices/LNXSYSTM:00/LNXPWRBN:00/input/input0
[    2.011990] ACPI: Power Button [PWRF]
[    2.016199] input: Sleep Button as /devices/LNXSYSTM:00/LNXSLPBN:00/input/input1
[    2.021417] ACPI: Sleep Button [SLPF]
[    2.023802] Serial: 8250/16550 driver, 32 ports, IRQ sharing enabled
[    2.026699] ACPI: Battery Slot [BAT0] (battery present)
[    2.061971] 00:02: ttyS0 at I/O 0x3f8 (irq = 4, base_baud = 115200) is a 16550A
[    2.093971] Linux agpgart interface v0.103
[    2.096241] loop: module loaded
[    2.141715] scsi host0: ata_piix
[    2.191600] scsi host1: ata_piix
[    2.271679] ata1: PATA max UDMA/33 cmd 0x1f0 ctl 0x3f6 bmdma 0xd000 irq 14
[    2.442314] ata2: PATA max UDMA/33 cmd 0x170 ctl 0x376 bmdma 0xd008 irq 15
[    2.561846] libphy: Fixed MDIO Bus: probed
[    2.652356] tun: Universal TUN/TAP device driver, 1.6
[    2.699644] PPP generic driver version 2.4.2
[    2.700785] ehci_hcd: USB 2.0 'Enhanced' Host Controller (EHCI) Driver
[    2.702777] ehci-pci: EHCI PCI platform driver
[    2.732400] ehci-platform: EHCI generic platform driver
[    2.892398] ohci_hcd: USB 1.1 'Open' Host Controller (OHCI) Driver
[    2.922655] ohci-pci: OHCI PCI platform driver
[    2.924032] ohci-platform: OHCI generic platform driver
[    3.021220] uhci_hcd: USB Universal Host Controller Interface driver
[    3.062405] i8042: PNP: PS/2 Controller [PNP0303:PS2K,PNP0f03:PS2M] at 0x60,0x64 irq 1,12
[    3.065014] serio: i8042 KBD port at 0x60,0x64 irq 1
[    3.066503] serio: i8042 AUX port at 0x60,0x64 irq 12
[    3.067998] mousedev: PS/2 mouse device common for all mice
[    3.076459] input: AT Translated Set 2 keyboard as /devices/platform/i8042/serio0/input/input2
[    3.078864] rtc_cmos rtc_cmos: rtc core: registered rtc_cmos as rtc0
[    3.080484] rtc_cmos rtc_cmos: alarms up to one day, 114 bytes nvram
[    3.082016] i2c /dev entries driver
[    3.082991] device-mapper: uevent: version 1.0.3
[    3.084201] device-mapper: ioctl: 4.37.0-ioctl (2017-09-20) initialised: dm-devel@redhat.com
[    3.086395] ledtrig-cpu: registered to indicate activity on CPUs
[    3.088579] NET: Registered protocol family 10
[    3.094861] Segment Routing with IPv6
[    3.096236] NET: Registered protocol family 17
[    3.100186] Key type dns_resolver registered
[    3.108156] RAS: Correctable Errors collector initialized.
[    3.110648] sched_clock: Marking stable (3108124429, 0)->(5370157690, -2262033261)
[    3.115019] registered taskstats version 1
[    3.118155] Loading compiled-in X.509 certificates
[    3.125031] Loaded X.509 cert 'Build time autogenerated kernel key: 2ed9c0a78927f1fed24db33f01fd983502d97350'
[    3.130759] zswap: loaded using pool lzo/zbud
[    3.142100] Key type big_key registered
[    3.143962] Key type trusted registered
[    3.148705] Key type encrypted registered
[    3.150644] AppArmor: AppArmor sha1 policy hashing enabled
[    3.153221] ima: No TPM chip found, activating TPM-bypass! (rc=-19)
[    3.167498] ima: Allocated hash algorithm: sha1
[    3.192282] evm: HMAC attrs: 0x1
[    3.232154]   Magic number: 15:825:377
[    3.242633] acpi PNP0700:00: hash matches
[    3.281730] rtc_cmos rtc_cmos: setting system clock to 2019-08-11 11:22:55 UTC (1565522575)
[    3.284601] BIOS EDD facility v0.16 2004-Jun-25, 0 devices found
[    3.290528] EDD information not available.
[    3.301585] Freeing unused kernel image memory: 2408K
[    3.368856] Write protecting the kernel read-only data: 20480k
[    3.552487] Freeing unused kernel image memory: 2008K
[    3.693170] Freeing unused kernel image memory: 1868K
[    3.781485] x86/mm: Checked W+X mappings: passed, no W+X pages found.
[    3.809022] x86/mm: Checking user space page tables
[    3.885782] x86/mm: Checked W+X mappings: passed, no W+X pages found.
Loading, please wait...
starting version 237
[    3.977369] e1000: Intel(R) PRO/1000 Network Driver - version 7.3.21-k8-NAPI
[    3.979114] e1000: Copyright (c) 1999-2006 Intel Corporation.
[    3.986259] Fusion MPT base driver 3.04.20
[    3.987572] Copyright (c) 1999-2008 LSI Corporation
[    3.994834] Fusion MPT SPI Host driver 3.04.20
[    3.994999] AVX2 version of gcm_enc/dec engaged.
[    3.995000] AES CTR mode by8 optimization enabled
[    4.004992] vboxvideo: loading out-of-tree module taints kernel.
[    4.006542] vboxvideo: module verification failed: signature and/or required key missing - tainting kernel
[    4.188965] input: ImExPS/2 Generic Explorer Mouse as /devices/platform/i8042/serio1/input/input4
[    4.779257] e1000 0000:00:03.0 eth0: (PCI:33MHz:32-bit) 02:8d:8f:70:9f:84
[    4.837026] e1000 0000:00:03.0 eth0: Intel(R) PRO/1000 Network Connection
[    4.839972] mptbase: ioc0: Initiating bringup
[    5.965178] ioc0: LSI53C1030 A0: Capabilities={Initiator}
[    7.964301] scsi host2: ioc0: LSI53C1030 A0, FwRev=00000000h, Ports=1, MaxQ=256, IRQ=20
[    9.572303] scsi 2:0:0:0: Direct-Access     VBOX     HARDDISK         1.0  PQ: 0 ANSI: 5
[    9.781539] [drm] VRAM 01000000
[    9.788988] [TTM] Zone  kernel: Available graphics memory: 504452 kiB
[    9.791665] [TTM] Initializing pool allocator
[    9.793821] [TTM] Initializing DMA pool allocator
[    9.798711] fbcon: vboxdrmfb (fb0) is primary device
[    9.800177] Console: switching to colour frame buffer device 100x37
[    9.836447] vboxvideo 0000:00:02.0: fb0: vboxdrmfb frame buffer device
[    9.884529] scsi target2:0:0: Beginning Domain Validation
[    9.901178] scsi target2:0:0: Domain Validation skipping write tests
[    9.908402] scsi target2:0:0: Ending Domain Validation
[    9.915300] [drm] Initialized vboxvideo 1.0.0 20130823 for 0000:00:02.0 on minor 0
[    9.966453] scsi target2:0:0: asynchronous
[    9.970336] scsi 2:0:1:0: Direct-Access     VBOX     HARDDISK         1.0  PQ: 0 ANSI: 5
[   10.212169] scsi target2:0:1: Beginning Domain Validation
[   10.214231] random: fast init done
[   10.229010] scsi target2:0:1: Domain Validation skipping write tests
[   10.230320] scsi target2:0:1: Ending Domain Validation
[   10.231692] scsi target2:0:1: asynchronous
[   10.238892] random: systemd-udevd: uninitialized urandom read (16 bytes read)
[   10.240598] random: systemd-udevd: uninitialized urandom read (16 bytes read)
[   10.242289] random: systemd-udevd: uninitialized urandom read (16 bytes read)
[   10.244055] sd 2:0:0:0: Attached scsi generic sg0 type 0
[   10.245567] sd 2:0:1:0: Attached scsi generic sg1 type 0
[   10.246853] sd 2:0:0:0: [sda] 20971520 512-byte logical blocks: (10.7 GB/10.0 GiB)
[   10.254342] sd 2:0:0:0: [sda] Write Protect is off
[   10.255919] sd 2:0:1:0: [sdb] 20480 512-byte logical blocks: (10.5 MB/10.0 MiB)
[   10.257698] sd 2:0:0:0: [sda] Incomplete mode parameter data
[   10.259086] sd 2:0:0:0: [sda] Assuming drive cache: write through
[   10.260616] sd 2:0:1:0: [sdb] Write Protect is off
[   10.262137] sd 2:0:1:0: [sdb] Incomplete mode parameter data
[   10.263533] sd 2:0:1:0: [sdb] Assuming drive cache: write through
[   10.268203]  sda: sda1
[   10.270814] sd 2:0:1:0: [sdb] Attached SCSI disk
[   10.272409] sd 2:0:0:0: [sda] Attached SCSI disk
[   10.404103] e1000 0000:00:08.0 eth1: (PCI:33MHz:32-bit) 08:00:27:c8:92:30
[   10.821592] e1000 0000:00:08.0 eth1: Intel(R) PRO/1000 Network Connection
[   10.824905] e1000 0000:00:03.0 enp0s3: renamed from eth0
[   10.844722] e1000 0000:00:08.0 enp0s8: renamed from eth1
Begin: Loading essential drivers ... [   11.020096] raid6: sse2x1   gen() 12266 MB/s
[   11.076580] raid6: sse2x1   xor()  8740 MB/s
[   11.249269] raid6: sse2x2   gen() 14246 MB/s
[   11.391542] raid6: sse2x2   xor() 11987 MB/s
[   11.472555] raid6: sse2x4   gen() 11205 MB/s
[   11.524315] raid6: sse2x4   xor() 10498 MB/s
[   11.577993] raid6: avx2x1   gen() 23405 MB/s
[   11.661183] raid6: avx2x1   xor() 17863 MB/s
[   11.771712] raid6: avx2x2   gen() 35386 MB/s
[   11.864587] raid6: avx2x2   xor() 18210 MB/s
[   11.988217] raid6: avx2x4   gen() 19976 MB/s
[   12.036148] raid6: avx2x4   xor() 12620 MB/s
[   12.122170] raid6: using algorithm avx2x2 gen() 35386 MB/s
[   12.251331] raid6: .... xor() 18210 MB/s, rmw enabled
[   12.321132] raid6: using avx2x2 recovery algorithm
[   12.393650] xor: automatically using best checksumming function   avx       
[   12.449312] async_tx: api initialized (async)
done.
Begin: Running /scripts/init-premount ... done.
Begin: Mounting root file system ... Begin: Running /scripts/local-top ... done.
Begin: Running /scripts/local-premount ... [   12.492021] Btrfs loaded, crc32c=crc32c-intel
Scanning for Btrfs filesystems
done.
Warning: fsck not present, so skipping root file system
[   12.607341] EXT4-fs (sda1): mounted filesystem with ordered data mode. Opts: (null)
done.
Begin: Running /scripts/local-bottom ... done.
Begin: Running /scripts/init-bottom ... done.
[   12.994161] ip_tables: (C) 2000-2006 Netfilter Core Team
[   13.897206] systemd[1]: systemd 237 running in system mode. (+PAM +AUDIT +SELINUX +IMA +APPARMOR +SMACK +SYSVINIT +UTMP +LIBCRYPTSETUP +GCRYPT +GNUTLS +ACL +XZ +LZ4 +SECCOMP +BLKID +ELFUTILS +KMOD -IDN2 +IDN -PCRE2 default-hierarchy=hybrid)
[   14.939827] systemd[1]: Detected virtualization oracle.
[   14.978043] systemd[1]: Detected architecture x86-64.

Welcome to [1mUbuntu 18.04.2 LTS[0m!

[   15.014584] systemd[1]: Set hostname to <ubuntu-bionic>.
[   16.288018] systemd[1]: Created slice User and Session Slice.
[[0;32m  OK  [0m] Created slice User and Session Slice.
[   16.292161] systemd[1]: Created slice System Slice.
[[0;32m  OK  [0m] Created slice System Slice.
[   16.295307] systemd[1]: Listening on LVM2 poll daemon socket.
[[0;32m  OK  [0m] Listening on LVM2 poll daemon socket.
[   16.300240] systemd[1]: Created slice system-serial\x2dgetty.slice.
[[0;32m  OK  [0m] Created slice system-serial\x2dgetty.slice.
[   16.926851] systemd[1]: Listening on Device-mapper event daemon FIFOs.
[[0;32m  OK  [0m] Listening on Device-mapper event daemon FIFOs.
[   17.977756] systemd[1]: Listening on udev Kernel Socket.
[[0;32m  OK  [0m] Listening on udev Kernel Socket.
[[0;32m  OK  [0m] Set up automount Arbitrary Executabâ€¦rmats File System Automount Point.
[[0;32m  OK  [0m] Listening on Journal Socket.
         Starting Create list of required stâ€¦ce nodes for the current kernel...
         Starting Uncomplicated firewall...
[[0;32m  OK  [0m] Listening on Network Service Netlink Socket.
         Mounting Huge Pages File System...
         Starting Remount Root and Kernel File Systems...
[   18.167970] EXT4-fs (sda1): re-mounted. Opts: (null)
[[0;32m  OK  [0m] Listening on udev Control Socket.
[   18.229797] random: crng init done
[   18.231506] random: 7 urandom warning(s) missed due to ratelimiting
         Starting Load Kernel Modules...
[[0;32m  OK  [0m] Started Forward Password Requests to Wall Directory Watch.
[[0;32m  OK  [0[   18.260588] Loading iSCSI transport class v2.0-870.
m] Reached target System Time Synchronized.
[[0;32m  OK  [0m] Reached target Slices.
[   18.286700] iscsi: registered transport (tcp)
         Mounting POSIX Message Queue File System...
[[0;32m  OK  [0m] Listening on Journal Audit Socket.
[   18.306478] iscsi: registered transport (iser)
         Starting Set the console keyboard layout...
[[0;32m  OK  [0m] Reached target Swap.
         Starting udev Coldplug all Devices...
[[0;32m  OK  [0m] Listening on /dev/initctl Compatibility Named Pipe.
         Mounting Kernel Debug File System...
[[0;32m  OK  [0m] Listening on Syslog Socket.
[[0;32m  OK  [0m] Listening on LVM2 metadata daemon socket.
         Starting Monitoring of LVM2 mirrorsâ€¦ng dmeventd or progress polling...
[[0;32m  OK  [0m] Listening on Journal Socket (/dev/log).
         Starting Journal Service...
[[0;32m  OK  [0m] Reached target User and Group Name Lookups.
[[0;32m  OK  [0m] Started Create list of required staâ€¦vice nodes for the current kernel.
[[0;32m  OK  [0m] Started Uncomplicated firewall.
[[0;32m  OK  [0m] Mounted Huge Pages File System.
[[0;32m  OK  [0m] Started Remount Root and Kernel File Systems.
[[0;32m  OK  [0m] Started Load Kernel Modules.
[[0;32m  OK  [0m] Mounted POSIX Message Queue File System.
[[0;32m  OK  [0m] Started Set the console keyboard layout.
[[0;32m  OK  [0m] Mounted Kernel Debug File System.
[[0;32m  OK  [0m] Started Journal Service.
[[0;32m  OK  [0m] Started udev Coldplug all Devices.
[[0;32m  OK  [0m] Started LVM2 metadata daemon.
         Mounting Kernel Configuration File System...
         Starting Apply Kernel Variables...
         Mounting FUSE Control File System...
         Starting Load/Save Random Seed...
         Starting Flush Journal to Persistent Storage...
         Starting Create Static Device Nodes in /dev...
[[0;32m  OK  [0m] Started Monitoring of LVM2 mirrors,â€¦sing dmeventd or progress polling.
[[0;32m  OK  [0m] Mounted Kernel Configuration File System.
[[0;32m  OK  [0m] Started Apply Kernel Variables.
[[0;32m  OK  [0m] Mounted FUSE Control File System.
[[0;32m  OK  [0m] Started Load/Save Random Seed.
[[0;32m  OK  [0m] Started Create Static Device Nodes in /dev.
         Starting udev Kernel Device Manager...
[[0;32m  OK  [0m] Reached target Local File Systems (Pre).
[[0;32m  OK  [0m] Reached target Local File Systems.
         Starting Set console font and keymap...
         Starting AppArmor initialization...
         Starting ebtables ruleset management...
         Starting Tell Plymouth To Write Out Runtime Data...
[[0;32m  OK  [0m] Started udev Kernel Device Manager.
[[0;32m  OK  [0m] Started Dispatch Password Requests to Console Directory Watch.
[[0;32m  OK  [0m] Reached target Local Encrypted Volumes.
[[0;32m  OK  [0m] Started Set console font and keymap.
[[0;32m  OK  [0m] Started Tell Plymouth To Write Out Runtime Data.
[[0;32m  OK  [0m] Found device /dev/ttyS0.
[[0;32m  OK  [0m] Started ebtables ruleset management.
[[0;32m  OK  [0m] Started Flush Journal to Persistent Storage.
         Starting Create Volatile Files and Directories...
[[0;32m  OK  [0m] Started Create Volatile Files and Directories.
         Starting Update UTMP about System Boot/Shutdown...
[[0;32m  OK  [0m] Listening on Load/Save RF Kill Switch Status /dev/rfkill Watch.
[[0;32m  OK  [0m] Started Update UTMP about System Boot/Shutdown.
[[0;32m  OK  [0m] Started AppArmor initialization.
         Starting Initial cloud-init job (pre-networking)...
[   21.855648] cloud-init[577]: Cloud-init v. 19.1-1-gbaa47854-0ubuntu1~18.04.1 running 'init-local' at Sun, 11 Aug 2019 11:23:13 +0000. Up 21.65 seconds.
[[0;32m  OK  [0m] Started Initial cloud-init job (pre-networking).
[[0;32m  OK  [0m] Reached target Network (Pre).
         Starting Network Service...
[[0;32m  OK  [0m] Started Network Service.
         Starting Network Name Resolution...
         Starting Wait for Network to be Configured...
[[0;32m  OK  [0m] Started Network Name Resolution.
[[0;32m  OK  [0m] Reached target Host and Network Name Lookups.
[[0;32m  OK  [0m] Reached target Network.
[[0;32m  OK  [0m] Started Wait for Network to be Configured.
         Starting Initial cloud-init job (metadata service crawler)...
[   23.813814] cloud-init[701]: Cloud-init v. 19.1-1-gbaa47854-0ubuntu1~18.04.1 running 'init' at Sun, 11 Aug 2019 11:23:15 +0000. Up 23.69 seconds.
[   23.841529] cloud-init[701]: ci-info: ++++++++++++++++++++++++++++++++++++++Net device info+++++++++++++++++++++++++++++++++++++++
[   23.900995] cloud-init[701]: ci-info: +--------+------+-----------------------------+---------------+--------+-------------------+
[   23.946152] cloud-init[701]: ci-info: | Device |  Up  |           Address           |      Mask     | Scope  |     Hw-Address    |
[   23.953672] cloud-init[701]: ci-info: +--------+------+-----------------------------+---------------+--------+-------------------+
[   23.956284] cloud-init[701]: ci-info: | enp0s3 | True |          10.0.2.15          | 255.255.255.0 | global | 02:8d:8f:70:9f:84 |
[   24.006253] cloud-init[701]: ci-info: | enp0s3 | True |  fe80::8d:8fff:fe70:9f84/64 |       .       |  link  | 02:8d:8f:70:9f:84 |
[   24.048649] cloud-init[701]: ci-info: | enp0s8 | True |        192.168.33.10        | 255.255.255.0 | global | 08:00:27:c8:92:30 |
[   24.078044] cloud-init[701]: ci-info: | enp0s8 | True | fe80::a00:27ff:fec8:9230/64 |       .       |  link  | 08:00:27:c8:92:30 |
[   24.112603] cloud-init[701]: ci-info: |   lo   | True |          127.0.0.1          |   255.0.0.0   |  host  |         .         |
[   24.117057] cloud-init[701]: ci-info: |   lo   | True |           ::1/128           |       .       |  host  |         .         |
[   24.122769] cloud-init[701]: ci-info: +--------+------+-----------------------------+---------------+--------+-------------------+
[   24.126135] cloud-init[701]: ci-info: +++++++++++++++++++++++++++++Route IPv4 info+++++++++++++++++++++++++++++
[   24.129047] cloud-init[701]: ci-info: +-------+--------------+----------+-----------------+-----------+-------+
[[0;32m  OK  [0m] Started Initial cloud-init job (metadata service crawler).
[[0;32m  OK  [0m] Reached target Cloud-config availability.
[[0;32m  OK  [0m] Reached target System Initialization.
[   24.228114] cloud-init[701]: ci-info: | Route | Destination  | Gateway  |     Genmask     | Interface | Flags |
[   24.328778] cloud-init[701]: ci-info: +-------+--------------+----------+-----------------+-----------+-------+
[   24.390037] cloud-init[701]: ci-info: |   0   |   0.0.0.0    | 10.0.2.2 |     0.0.0.0     |   enp0s3  |   UG  |
[   24.452621] cloud-init[701]: ci-info: |   1   |   10.0.2.0   | 0.0.0.0  |  255.255.255.0  |   enp0s3  |   U   |
[[0;32m  OK  [0m] Started ACPI Events Check.
[[0;32m  OK  [0m] Listening on UUID daemon activation socket.
[[0;32m  OK  [0m] Listening on D-Bus System Message Bus Socket.
[   24.515891] cloud-init[701]: ci-info: |   2   |   10.0.2.2   | 0.0.0.0  | 255.255.255.255 |   enp0s3  |   UH  |
         Starting LXD - unix socket.
[[0;32m  OK  [0m] Listening on ACPID Listen Socket.
         Starting Socket activation for snappy daemon.
[[0;32m  OK  [0m] Reached target Paths.
[   24.682013] cloud-init[701]: ci-info: |   3   | 192.168.33.0 | 0.0.0.0  |  255.255.255.0  |   enp0s8  |   U   |
[   24.857871] cloud-init[701]: ci-info: +-------+--------------+----------+-----------------+-----------+-------+
[[0;32m  OK  [0m] Started Message of the Day.
[[0;32m  OK  [0m] Listening on Open-iSCSI iscsid Socket.
[[0;32m  OK  [0m] Started Discard unused blocks once a week.
[[0;32m  OK  [0m] Started Daily Cleanup of Temporary Directories.
[[0;32m  OK  [0m] Started Daily apt download activities.
[[0;32m  OK  [0m] Started Daily apt upgrade and clean activities.
[   24.923911] cloud-init[701]: ci-info: +++++++++++++++++++Route IPv6 info+++++++++++++++++++
[   25.201733] cloud-init[701]: ci-info: +-------+-------------+---------+-----------+-------+
[   25.256669] cloud-init[701]: ci-info: | Route | Destination | Gateway | Interface | Flags |
[   25.292329] cloud-init[701]: ci-info: +-------+-------------+---------+-----------+-------+
[[0;32m  OK  [0m] Reached target Timers.
[[0;32m  OK  [0m] Reached target Network is Online.
[   25.335783] cloud-init[701]: ci-info: |   1   |  fe80::/64  |    ::   |   enp0s8  |   U   |
[   25.437235] cloud-init[701]: ci-info: |   2   |  fe80::/64  |    ::   |   enp0s3  |   U   |
[   25.492375] cloud-init[701]: ci-info: |   4   |    local    |    ::   |   enp0s3  |   U   |
[   25.541146] cloud-init[701]: ci-info: |   5   |    local    |    ::   |   enp0s8  |   U   |
[   25.592402] cloud-init[701]: ci-info: |   6   |   ff00::/8  |    ::   |   enp0s8  |   U   |
[   25.645249] cloud-init[701]: ci-info: |   7   |   ff00::/8  |    ::   |   enp0s3  |   U   |
[   25.693151] cloud-init[701]: ci-info: +-------+-------------+---------+-----------+-------+
[[0;32m  OK  [0m] Reached target Remote File Systems (Pre).
[[0;32m  OK  [0m] Reached target Remote File Systems.
         Starting Availability of block devices...
[[0;32m  OK  [0m] Listening on LXD - unix socket.
[[0;32m  OK  [0m] Listening on Socket activation for snappy daemon.
[[0;32m  OK  [0m] Started Availability of block devices.
[[0;32m  OK  [0m] Reached target Sockets.
[[0;32m  OK  [0m] Reached target Basic System.
[[0;32m  OK  [0m] Started irqbalance daemon.
         Starting OpenBSD Secure Shell server...
         Starting Permit User Sessions...
         Starting Dispatcher daemon for systemd-networkd...
         Starting vboxadd.service...
         Starting LSB: Record successful boot for GRUB...
         Starting Login Service...
         Starting LXD - container startup/shutdown...
[[0;32m  OK  [0m] Started Regular background program processing daemon.
         Starting System Logging Service...
[[0;32m  OK  [0m] Started Deferred execution scheduler.
[[0;32m  OK  [0m] Started FUSE filesystem for LXC.
         Starting Snappy daemon...
         Starting Accounts Service...
[[0;32m  OK  [0m] Started D-Bus System Message Bus.
[[0;32m  OK  [0m] Started Login Service.
         Starting LSB: automatic crash report generation...
[[0;32m  OK  [0m] Started Unattended Upgrades Shutdown.
[[0;32m  OK  [0m] Started System Logging Service.
[[0;32m  OK  [0m] Started Permit User Sessions.
[[0;32m  OK  [0m] Started OpenBSD Secure Shell server.
         Starting Hold until boot process finishes up...
         Starting Terminate Plymouth Boot Screen...
[[0;32m  OK  [0m] Started Hold until boot process finishes up.
[[0;32m  OK  [0m] Started Serial Getty on ttyS0.
         Starting Set console scheme...
[[0;32m  OK  [0m] Started Terminate Plymouth Boot Screen.
[[0;32m  OK  [0m] Started Set console scheme.
[[0;32m  OK  [0m] Created slice system-getty.slice.
[[0;32m  OK  [0m] Started Getty on tty1.
[[0;32m  OK  [0m] Reached target Login Prompts.
         Starting Authorization Manager...
[[0;32m  OK  [0m] Started Dispatcher daemon for systemd-networkd.
[[0;32m  OK  [0m] Started LSB: automatic crash report generation.
[[0;32m  OK  [0m] Started LSB: Record successful boot for GRUB.
[[0;32m  OK  [0m] Started Authorization Manager.
[[0;32m  OK  [0m] Started Accounts Service.
[[0;32m  OK  [0m] Started vboxadd.service.
[[0;32m  OK  [0m] Started LXD - container startup/shutdown.
         Starting vboxadd-service.service...
[[0;32m  OK  [0m] Started vboxadd-service.service.
[[0;32m  OK  [0m] Started Snappy daemon.
         Starting Wait until snapd is fully seeded...
[[0;32m  OK  [0m] Started Wait until snapd is fully seeded.
         Starting Apply the settings specified in cloud-config...
[[0;32m  OK  [0m] Reached target Multi-User System.
[[0;32m  OK  [0m] Reached target Graphical Interface.
         Starting Update UTMP about System Runlevel Changes...
[[0;32m  OK  [0m] Started Update UTMP about System Runlevel Changes.
[   28.459146] cloud-init[1243]: Cloud-init v. 19.1-1-gbaa47854-0ubuntu1~18.04.1 running 'modules:config' at Sun, 11 Aug 2019 11:23:20 +0000. Up 28.37 seconds.
[[0;32m  OK  [0m] Started Apply the settings specified in cloud-config.
         Starting Execute cloud user/final scripts...
[   28.904289] cloud-init[1297]: Cloud-init v. 19.1-1-gbaa47854-0ubuntu1~18.04.1 running 'modules:final' at Sun, 11 Aug 2019 11:23:21 +0000. Up 28.81 seconds.
[[0;32m  OK  [0m] Started Execute cloud user/final scripts.
[[0;32m  OK  [[   29.004072] cloud-init[1297]: Cloud-init v. 19.1-1-gbaa47854-0ubuntu1~18.04.1 finished at Sun, 11 Aug 2019 11:23:21 +0000. Datasource DataSourceNoCloud [seed=/dev/sdb][dsmode=net].  Up 28.89 seconds

Ubuntu 18.04.2 LTS ubuntu-bionic ttyS0

ubuntu-bionic login: [[0;32m  OK  [0m] Stopped target Cloud-init target.
         Stopping User Manager for UID 1000...
[[0;32m  OK  [0m] Stopped Execute cloud user/final scripts.
[[0;32m  OK  [0m] Stopped Apply the settings specified in cloud-config.
         Stopping Authorization Manager...
[[0;32m  OK  [0m] Closed Load/Save RF Kill Switch Status /dev/rfkill Watch.
[[0;32m  OK  [0m] Stopped target Network is Online.
         Stopping Availability of block devices...
[[0;32m  OK  [0m] Stopped target Host and Network Name Lookups.
[[0;32m  OK  [0m] Stopped target Graphical Interface.
[[0;32m  OK  [0m] Stopped target Multi-User System.
         Stopping System Logging Service...
[[0;32m  OK  [0m] Stopped target Login Prompts.
         Stopping Getty on tty1...
         Stopping Deferred execution scheduler...
         Stopping FUSE filesystem for LXC...
         Stopping OpenBSD Secure Shell server...
         Stopping LXD - container startup/shutdown...
         Stopping Unattended Upgrades Shutdown...
[[0;32m  OK  [0m] Stopped Wait unti         Stopping Serial Getty on ttyS0...
[[0;32m  OK  [0m] Stopped target Timers.
[[0;32m  OK  [0m] Stopped Daily Cleanup of Temporary Directories.
[[0;32m  OK  [0m] Stopped Discard unused blocks once a week.
[[0;32m  OK  [0m] Stopped Daily apt upgrade and clean activities.
[[0;32m  OK  [0m] Stopped Daily apt download activities.
[[0;32m  OK  [0m] Stopped Message of the Day.
[[0;32m  OK  [0m] Stopped target System Time Synchronized.
[[0;32m  OK  [0m] Unmounted /var/lib/lxcfs.
[[0;32m  OK  [0m] Stopped irqbalance daemon.
[[0;32m  OK  [0m] Stopped Dispatcher daemon for systemd-networkd.
[[0;32m  OK  [0m] Stopped Regular background program processing daemon.
[[0;32m  OK  [0m] Stopped System Logging Service.
[[0;32m  OK  [0m] Stopped Deferred execution scheduler.
[[0;32m  OK  [0m] Stopped Accounts Service.
[[0;32m  OK  [0m] Stopped Unattended Upgrades Shutdown.
[[0;32m  OK  [0m] Stopped OpenBSD Secure Shell server.
[[0;32m  OK  [0m] Stopped Serial Getty on ttyS0.
[[0;32m  OK  [0m] Stopped Getty on tty1.
[[0;32m  OK  [0m] Stopped Authorization Manager.
[[0;32m  OK  [0m] Stopped User Manager for UID 1000.
[[0;32m  OK  [0m] Stopped Availability of block devices.
[[0;32m  OK  [0m] Stopped D-Bus System Message Bus.
[[0;32m  OK  [0m] Stopped FUSE filesystem for LXC.
[[0;32m  OK  [0m] Stopped Session 3 of user vagrant.
[[0;32m  OK  [0m] Removed slice User Slice of vagrant.
[[0;32m  OK  [0m] Removed slice system-getty.slice.
[[0;32m  OK  [0m] Removed slice system-serial\x2dgetty.slice.
         Stopping Permit User Sessions...
         Stopping Login Service...
[[0;32m  OK  [0m] Stopped LXD - container startup/shutdown.
[[0;32m  OK  [0m] Stopped LSB: Record successful boot for GRUB.
[[0;32m  OK  [0m] Stopped Permit User Sessions.
[[0;32m  OK  [0m] Stopped target Network.
         Stopping Network Name Resolution...
[[0;32m  OK  [0m] Stopped Login Service.
[[0;32m  OK  [0m] Stopped LSB: automatic crash report generation.
[[0;32m  OK  [0m] Stopped target Remote File Systems.
[[0;32m  OK  [0m] Stopped target Remote File Systems (Pre).
[[0;32m  OK  [0m] Stopped target User and Group Name Lookups.
[[0;32m  OK  [0m] Stopped Network Name Resolution.
[[0;32m  OK  [0m] Stopped vboxadd-service.service.
         Stopping vboxadd.service...
[[0;32m  OK  [0m] Stopped vboxadd.service.
[[0;32m  OK  [0m] Stopped target Basic System.
[[0;32m  OK  [0m] Stopped target Slices.
[[0;32m  OK  [0m] Removed slice User and Session Slice.
[[0;32m  OK  [0m] Stopped target Sockets.
[[0;32m  OK  [0m] Closed UUID daemon activation socket.
[[0;32m  OK  [0m] Closed LXD - unix socket.
[[0;32m  OK  [0m] Closed Open-iSCSI iscsid Socket.
[[0;32m  OK  [0m] Closed D-Bus System Message Bus Socket.
[[0;32m  OK  [0m] Closed Socket activation for snappy daemon.
[[0;32m  OK  [0m] Closed ACPID Listen Socket.
[[0;32m  OK  [0m] Closed Syslog Socket.
[[0;32m  OK  [0m] Stopped target Paths.
[[0;32m  OK  [0m] Stopped ACPI Events Check.
[[0;32m  OK  [0m] Stopped target System Initialization.
[[0;32m  OK  [0m] Stopped Initial cloud-init job (metadata service crawler).
[[0;32m  OK  [0m] Stopped Wait for Network to be Configured.
         Stopping Network Service...
         Stopping Load/Save Random Seed...
[[0;32m  OK  [0m] Stopped target Local Encrypted Volumes.
[[0;32m  OK  [0m] Stopped Dispatch Password Requests to Console Directory Watch.
[[0;32m  OK  [0m] Stopped Forward Password Requests to Wall Directory Watch.
         Stopping Update UTMP about System Boot/Shutdown...
[[0;32m  OK  [0m] Stopped Load/Save Random Seed.
[[0;32m  OK  [0m] Stopped Update UTMP about System Boot/Shutdown.
[[0;32m  OK  [0m] Stopped Create Volatile Files and Directories.
[[0;32m  OK  [0m] Stopped target Local File Systems.
         Unmounting /run/user/1000...
[[0;32m  OK  [0m] Stopped Network Service.
[[0;32m  OK  [0m] Unmounted /run/user/1000.
[[0;32m  OK  [0m] Reached target Unmount All Filesystems.
[[0;32m  OK  [0m] Stopped target Swap.
[[0;32m  OK  [0m] Stopped target Local File Systems (Pre).
         Stopping Monitoring of LVM2 mirrorsâ€¦ng dmeventd or progress polling...
[[0;32m  OK  [0m] Stopped Create Static Device Nodes in /dev.
[[0;32m  OK  [0m] Stopped Apply Kernel Variables.
[[0;32m  OK  [0m] Stopped Load Kernel Modules.
[[0;32m  OK  [0m] Stopped target Network (Pre).
[[0;32m  OK  [0m] Stopped Initial cloud-init job (pre-networking).
[[0;32m  OK  [0m] Stopped Remount Root and Kernel File Systems.
[[0;32m  OK  [0m] Reached target Shutdown.
[[0;32m  OK  [0m] Reached target Final Step.
         Starting Power-Off...
[[0;32m  OK  [0m] Stopped Monitoring of LVM2 mirrors,â€¦sing dmeventd or progress polling.
         Stopping LVM2 metadata daemon...
[[0;32m  OK  [0m] Stopped LVM2 metadata daemon.
[  360.767218] reboot: Power down
